2026-05-23 01:28:22 | INF |  | Iniciando Elden Ring Armor Studio...
2026-05-23 01:32:09 | INF |  | Iniciando Elden Ring Armor Studio...
2026-05-23 01:38:03 | INF |  | Iniciando Elden Ring Armor Studio...
2026-05-23 01:39:17 | INF |  | Cargando FLVER: ElfDGAM.flver
2026-05-23 01:39:21 | INF |  | Cargando FLVER: ElfDGBD.flver
2026-05-23 01:39:29 | INF |  | Cargando FLVER: AM_M_1690.flver
2026-05-23 01:39:43 | INF |  | Cargando FLVER: AM_M_1690.flver
2026-05-23 01:39:47 | INF |  | Cargando FLVER: BD_M_1691.flver
2026-05-23 01:39:54 | INF |  | Cargando FLVER: LG_M_1690.flver
2026-05-23 01:44:41 | INF |  | Iniciando Elden Ring Armor Studio...
2026-05-23 01:51:26 | INF |  | Iniciando Elden Ring Armor Studio...
2026-05-23 01:51:44 | INF |  | Cargando FLVER: ElfDGAM.flver
2026-05-23 01:51:52 | INF |  | Cargando FLVER: ElfDGLG.flver
2026-05-23 01:52:56 | INF |  | Iniciando Elden Ring Armor Studio...
2026-05-23 01:57:35 | INF |  | Iniciando Elden Ring Armor Studio...
2026-05-23 02:48:05 | INF |  | Iniciando Elden Ring Armor Studio...
2026-05-23 02:50:54 | INF |  | Iniciando Elden Ring Armor Studio...
2026-05-23 02:54:17 | INF |  | Iniciando Elden Ring Armor Studio...
2026-05-23 03:01:52 | INF |  | Iniciando Elden Ring Armor Studio...
2026-05-23 03:08:40 | INF |  | Iniciando Elden Ring Armor Studio...
2026-05-23 03:12:07 | INF |  | Iniciando Elden Ring Armor Studio...
2026-05-23 03:13:08 | INF |  | Iniciando Elden Ring Armor Studio...
2026-05-23 03:15:50 | INF |  | Iniciando Elden Ring Armor Studio...
2026-05-23 03:16:08 | INF |  | Cargando FLVER: ElfDGAM.flver
2026-05-23 16:54:03 | INF |  | Iniciando Elden Ring Armor Studio...
2026-05-23 17:22:44 | INF |  | Iniciando Elden Ring Armor Studio...
2026-05-23 17:22:47 | INF |  | Base de datos cargada. Total piezas: 751
2026-05-23 17:22:47 | DBG |  | Lista actualizada: 751 piezas
2026-05-23 17:30:53 | INF |  | Iniciando Elden Ring Armor Studio...
2026-05-23 17:30:54 | INF |  | DB cargada: 751 piezas
