2026-05-21 01:08:57 | INF |  | Iniciando Elden Ring Armor Studio...
2026-05-21 01:09:19 | INF |  | Cargando FLVER: ElfDGAM.flver
2026-05-21 01:09:19 | DBG |  | TextureMap: 1 texturas encontradas en C:\Users\Anki\source\repos\EldenRingArmorStudio\EldenRingArmorStudio\bin\Debug\net8.0-windows\data\temp_extract\am_m_1360-partsbnd-dcx
2026-05-21 01:09:19 | INF |  | FLVER nativo: 6388 verts, 2268 tris
2026-05-21 01:09:58 | INF |  | Cargando FLVER: ElfDGAM.flver
2026-05-21 01:09:58 | DBG |  | TextureMap: 1 texturas encontradas en C:\Users\Anki\source\repos\EldenRingArmorStudio\EldenRingArmorStudio\bin\Debug\net8.0-windows\data\temp_extract\am_m_1360-partsbnd-dcx
2026-05-21 01:09:58 | INF |  | FLVER nativo: 6388 verts, 2268 tris
2026-05-21 01:13:16 | INF |  | Iniciando Elden Ring Armor Studio...
2026-05-21 01:13:23 | INF |  | Cargando FLVER: ElfDGAM.flver
2026-05-21 01:16:49 | INF |  | Iniciando Elden Ring Armor Studio...
2026-05-21 01:16:53 | INF |  | Cargando FLVER: ElfDGAM.flver
2026-05-21 01:18:46 | INF |  | Iniciando Elden Ring Armor Studio...
2026-05-21 01:18:51 | INF |  | Cargando FLVER: BD_M_1691.flver
2026-05-21 01:19:24 | INF |  | Iniciando Elden Ring Armor Studio...
2026-05-21 01:19:29 | INF |  | Cargando FLVER: HD_M_1691.flver
2026-05-21 01:19:47 | INF |  | Cargando FLVER: BD_M_1691.flver
2026-05-21 01:26:05 | INF |  | Iniciando Elden Ring Armor Studio...
2026-05-21 01:34:29 | INF |  | Iniciando Elden Ring Armor Studio...
2026-05-21 01:35:17 | INF |  | Cargando FLVER: ElfDGBD.flver
2026-05-21 01:58:05 | INF |  | Iniciando Elden Ring Armor Studio...
2026-05-21 01:58:15 | INF |  | Cargando FLVER: ElfDGBD.flver
