2026-05-20 15:35:40 | INF |  | Iniciando Elden Ring Armor Studio...
2026-05-20 15:37:02 | INF |  | Iniciando Elden Ring Armor Studio...
2026-05-20 15:38:12 | INF |  | Iniciando Elden Ring Armor Studio...
2026-05-20 15:43:21 | INF |  | Iniciando Elden Ring Armor Studio...
2026-05-20 15:44:03 | INF |  | Iniciando Elden Ring Armor Studio...
2026-05-20 15:44:48 | INF |  | Iniciando Elden Ring Armor Studio...
2026-05-20 15:46:01 | INF |  | Iniciando Elden Ring Armor Studio...
2026-05-20 15:46:53 | INF |  | Iniciando Elden Ring Armor Studio...
2026-05-20 15:47:38 | INF |  | Iniciando Elden Ring Armor Studio...
2026-05-20 15:53:05 | INF |  | Iniciando Elden Ring Armor Studio...
2026-05-20 15:56:58 | INF |  | Iniciando Elden Ring Armor Studio...
2026-05-20 16:02:36 | INF |  | Iniciando Elden Ring Armor Studio...
2026-05-20 16:05:13 | INF |  | Iniciando Elden Ring Armor Studio...
2026-05-20 16:08:18 | INF |  | Iniciando Elden Ring Armor Studio...
2026-05-20 16:09:58 | INF |  | Iniciando Elden Ring Armor Studio...
2026-05-20 16:14:53 | INF |  | Iniciando Elden Ring Armor Studio...
2026-05-20 16:15:57 | INF |  | Iniciando Elden Ring Armor Studio...
2026-05-20 16:18:11 | INF |  | Iniciando Elden Ring Armor Studio...
2026-05-20 16:18:18 | INF |  | Cargando FLVER: ElfDGAM.flver
2026-05-20 16:18:18 | DBG |  | TextureMap: 1 texturas encontradas en C:\Users\Anki\source\repos\EldenRingArmorStudio\EldenRingArmorStudio\bin\Debug\net8.0-windows\data\temp_extract\am_m_1360-partsbnd-dcx
2026-05-20 16:18:18 | INF |  | FLVER nativo: 6388 verts, 2268 tris
2026-05-20 16:23:45 | INF |  | Iniciando Elden Ring Armor Studio...
2026-05-20 16:23:51 | INF |  | Cargando FLVER: ElfDGAM.flver
2026-05-20 16:23:51 | DBG |  | TextureMap: 1 texturas encontradas en C:\Users\Anki\source\repos\EldenRingArmorStudio\EldenRingArmorStudio\bin\Debug\net8.0-windows\data\temp_extract\am_m_1360-partsbnd-dcx
2026-05-20 16:23:51 | INF |  | FLVER nativo: 6388 verts, 2268 tris
2026-05-20 16:24:03 | INF |  | Cargando FLVER: ElfDGAM.flver
2026-05-20 16:24:03 | DBG |  | TextureMap: 0 texturas encontradas en C:\Users\Anki\source\repos\EldenRingArmorStudio\EldenRingArmorStudio\bin\Debug\net8.0-windows\data\temp_extract\direct_flver
2026-05-20 16:24:03 | INF |  | FLVER nativo: 6388 verts, 2268 tris
2026-05-20 16:25:47 | INF |  | Iniciando Elden Ring Armor Studio...
2026-05-20 16:25:56 | INF |  | Cargando FLVER: ElfDGAM.flver
2026-05-20 16:25:56 | DBG |  | TextureMap: 1 texturas encontradas en C:\Users\Anki\source\repos\EldenRingArmorStudio\EldenRingArmorStudio\bin\Debug\net8.0-windows\data\temp_extract\am_m_1360-partsbnd-dcx
2026-05-20 16:25:56 | INF |  | FLVER nativo: 6388 verts, 2268 tris
2026-05-20 16:26:12 | INF |  | Iniciando Elden Ring Armor Studio...
2026-05-20 16:26:23 | INF |  | Iniciando Elden Ring Armor Studio...
2026-05-20 16:26:27 | INF |  | Cargando FLVER: ElfDGAM.flver
2026-05-20 16:26:27 | DBG |  | TextureMap: 1 texturas encontradas en C:\Users\Anki\source\repos\EldenRingArmorStudio\EldenRingArmorStudio\bin\Debug\net8.0-windows\data\temp_extract\am_m_1360-partsbnd-dcx
2026-05-20 16:26:27 | INF |  | FLVER nativo: 6388 verts, 2268 tris
2026-05-20 16:26:37 | INF |  | Iniciando Elden Ring Armor Studio...
2026-05-20 16:26:41 | INF |  | Cargando FLVER: ElfDGAM.flver
2026-05-20 16:26:41 | DBG |  | TextureMap: 1 texturas encontradas en C:\Users\Anki\source\repos\EldenRingArmorStudio\EldenRingArmorStudio\bin\Debug\net8.0-windows\data\temp_extract\am_m_1360-partsbnd-dcx
2026-05-20 16:26:41 | INF |  | FLVER nativo: 6388 verts, 2268 tris
